node.exe :  ΓÜá 
Warning: Next.js 
inferred your 
workspace root, but 
it may not be 
correct.
At C:\Program Files\n
odejs\npx.ps1:29 
char:3
+   & $NODE_EXE 
$NPX_CLI_JS $args
+   ~~~~~~~~~~~~~~~~~
~~~~~~~~~~~~
    + CategoryInfo   
           : NotSpe  
  cified: ( ΓÜá Wa   
 rning: N...not b    
e correct.:Strin    
g) [], RemoteExc    
eption
    + FullyQualified 
   ErrorId : Native  
  CommandError
 
 We detected 
multiple lockfiles 
and selected the 
directory of 
C:\Users\PC USER\pack
age-lock.json as the 
root directory.
 To silence this 
warning, set 
`turbopack.root` in 
your Next.js config, 
or consider removing 
one of the lockfiles 
if it's not needed.
   See https://nextjs
.org/docs/app/api-ref
erence/config/next-co
nfig-js/turbopack#roo
t-directory for more 
information.
 Detected additional 
lockfiles: 
   * C:\Users\PC USER
\Music\rssa1\package-
lock.json

   Γû▓ Next.js 16.0.7 (Turbopack)
   - Environments: .env.local

 ΓÜá The 
"middleware" file 
convention is 
deprecated. Please 
use "proxy" instead. 
Learn more: https://n
extjs.org/docs/messag
es/middleware-to-prox
y
   Creating an optimized production build ...

> Build error 
occurred
Error: Turbopack 
build failed with 6 
errors:
./Music/rssa1/src/app
/api/webhooks/monnify
/route.ts:134:17
Parsing ecmascript 
source code failed
[0m [90m 132 
|[39m             
[36mif[39m 
(txError 
[33m||[39m 
[33m![39mtx) {
 [90m 133 |[39m    
             console
[33m.[39merror([32m
"Transaction not 
found for reference:"
[39m[33m,[39m 
paymentReference)
[31m[1m>[22m[39m
[90m 134 |[39m      
           
[36mreturn[39m [33
mNextResponse[39m[3
3m.[39mjson({ 
error[33m:[39m 
[32m"Tx not 
found"[39m 
}[33m,[39m { 
status[33m:[39m 
[35m404[39m })
 [90m     |[39m    
             [31m[1
m^[22m[39m[31m[1m
^[22m[39m[31m[1m^
[22m[39m[31m[1m^
[22m[39m[31m[1m^[
22m[39m[31m[1m^[2
2m[39m[31m[1m^[22
m[39m[31m[1m^[22m
[39m[31m[1m^[22m
[39m[31m[1m^[22m[
39m[31m[1m^[22m[3
9m[31m[1m^[22m[39
m[31m[1m^[22m[39m
[31m[1m^[22m[39m
[31m[1m^[22m[39m[
31m[1m^[22m[39m[3
1m[1m^[22m[39m[31
m[1m^[22m[39m[31m
[1m^[22m[39m[31m
[1m^[22m[39m[31m[
1m^[22m[39m[31m[1
m^[22m[39m[31m[1m
^[22m[39m[31m[1m^
[22m[39m[31m[1m^
[22m[39m[31m[1m^[
22m[39m[31m[1m^[2
2m[39m[31m[1m^[22
m[39m[31m[1m^[22m
[39m[31m[1m^[22m
[39m[31m[1m^[22m[
39m[31m[1m^[22m[3
9m[31m[1m^[22m[39
m[31m[1m^[22m[39m
[31m[1m^[22m[39m
[31m[1m^[22m[39m[
31m[1m^[22m[39m[3
1m[1m^[22m[39m[31
m[1m^[22m[39m[31m
[1m^[22m[39m[31m
[1m^[22m[39m[31m[
1m^[22m[39m[31m[1
m^[22m[39m[31m[1m
^[22m[39m[31m[1m^
[22m[39m[31m[1m^
[22m[39m[31m[1m^[
22m[39m[31m[1m^[2
2m[39m[31m[1m^[22
m[39m[31m[1m^[22m
[39m[31m[1m^[22m
[39m[31m[1m^[22m[
39m[31m[1m^[22m[3
9m[31m[1m^[22m[39
m[31m[1m^[22m[39m
[31m[1m^[22m[39m
[31m[1m^[22m[39m[
31m[1m^[22m[39m[3
1m[1m^[22m[39m[31
m[1m^[22m[39m[31m
[1m^[22m[39m[31m
[1m^[22m[39m[31m[
1m^[22m[39m[31m[1
m^[22m[39m[31m[1m
^[22m[39m[31m[1m^
[22m[39m[31m[1m^
[22m[39m[31m[1m^[
22m[39m
 [90m 135 |[39m    
         }
 [90m 136 |[39m
 [90m 137 |[39m    
         
[36mif[39m 
(tx[33m.[39mstatus 
[33m===[39m 
[32m'success'[39m) 
{[0m

Return statement is 
not allowed here


./Music/rssa1/src/app
/api/webhooks/monnify
/route.ts:138:17
Parsing ecmascript 
source code failed
[0m [90m 136 |[39m
 [90m 137 |[39m    
         
[36mif[39m 
(tx[33m.[39mstatus 
[33m===[39m 
[32m'success'[39m) 
{
[31m[1m>[22m[39m
[90m 138 |[39m      
           
[36mreturn[39m [33
mNextResponse[39m[3
3m.[39mjson({ 
success[33m:[39m [
36mtrue[39m[33m,[3
9m 
message[33m:[39m 
[32m"Already 
processed"[39m })
 [90m     |[39m    
             [31m[1
m^[22m[39m[31m[1m
^[22m[39m[31m[1m^
[22m[39m[31m[1m^
[22m[39m[31m[1m^[
22m[39m[31m[1m^[2
2m[39m[31m[1m^[22
m[39m[31m[1m^[22m
[39m[31m[1m^[22m
[39m[31m[1m^[22m[
39m[31m[1m^[22m[3
9m[31m[1m^[22m[39
m[31m[1m^[22m[39m
[31m[1m^[22m[39m
[31m[1m^[22m[39m[
31m[1m^[22m[39m[3
1m[1m^[22m[39m[31
m[1m^[22m[39m[31m
[1m^[22m[39m[31m
[1m^[22m[39m[31m[
1m^[22m[39m[31m[1
m^[22m[39m[31m[1m
^[22m[39m[31m[1m^
[22m[39m[31m[1m^
[22m[39m[31m[1m^[
22m[39m[31m[1m^[2
2m[39m[31m[1m^[22
m[39m[31m[1m^[22m
[39m[31m[1m^[22m
[39m[31m[1m^[22m[
39m[31m[1m^[22m[3
9m[31m[1m^[22m[39
m[31m[1m^[22m[39m
[31m[1m^[22m[39m
[31m[1m^[22m[39m[
31m[1m^[22m[39m[3
1m[1m^[22m[39m[31
m[1m^[22m[39m[31m
[1m^[22m[39m[31m
[1m^[22m[39m[31m[
1m^[22m[39m[31m[1
m^[22m[39m[31m[1m
^[22m[39m[31m[1m^
[22m[39m[31m[1m^
[22m[39m[31m[1m^[
22m[39m[31m[1m^[2
2m[39m[31m[1m^[22
m[39m[31m[1m^[22m
[39m[31m[1m^[22m
[39m[31m[1m^[22m[
39m[31m[1m^[22m[3
9m[31m[1m^[22m[39
m[31m[1m^[22m[39m
[31m[1m^[22m[39m
[31m[1m^[22m[39m[
31m[1m^[22m[39m[3
1m[1m^[22m[39m[31
m[1m^[22m[39m[31m
[1m^[22m[39m[31m
[1m^[22m[39m[31m[
1m^[22m[39m[31m[1
m^[22m[39m[31m[1m
^[22m[39m[31m[1m^
[22m[39m[31m[1m^
[22m[39m[31m[1m^[
22m[39m[31m[1m^[2
2m[39m[31m[1m^[22
m[39m[31m[1m^[22m
[39m[31m[1m^[22m
[39m[31m[1m^[22m[
39m
 [90m 139 |[39m    
         }
 [90m 140 |[39m
 [90m 141 |[39m    
         [90m// 3. 
Update Transaction 
status[39m[0m

Return statement is 
not allowed here


./Music/rssa1/src/app
/api/webhooks/monnify
/route.ts:166:5
Parsing ecmascript 
source code failed
[0m [90m 164 
|[39m     }
 [90m 165 |[39m
[31m[1m>[22m[39m
[90m 166 |[39m     
[36mreturn[39m [33
mNextResponse[39m[3
3m.[39mjson({ 
success[33m:[39m 
[36mtrue[39m })
 [90m     |[39m    
 [31m[1m^[22m[39m
[31m[1m^[22m[39m
[31m[1m^[22m[39m[
31m[1m^[22m[39m[3
1m[1m^[22m[39m[31
m[1m^[22m[39m[31m
[1m^[22m[39m[31m
[1m^[22m[39m[31m[
1m^[22m[39m[31m[1
m^[22m[39m[31m[1m
^[22m[39m[31m[1m^
[22m[39m[31m[1m^
[22m[39m[31m[1m^[
22m[39m[31m[1m^[2
2m[39m[31m[1m^[22
m[39m[31m[1m^[22m
[39m[31m[1m^[22m
[39m[31m[1m^[22m[
39m[31m[1m^[22m[3
9m[31m[1m^[22m[39
m[31m[1m^[22m[39m
[31m[1m^[22m[39m
[31m[1m^[22m[39m[
31m[1m^[22m[39m[3
1m[1m^[22m[39m[31
m[1m^[22m[39m[31m
[1m^[22m[39m[31m
[1m^[22m[39m[31m[
1m^[22m[39m[31m[1
m^[22m[39m[31m[1m
^[22m[39m[31m[1m^
[22m[39m[31m[1m^
[22m[39m[31m[1m^[
22m[39m[31m[1m^[2
2m[39m[31m[1m^[22
m[39m[31m[1m^[22m
[39m[31m[1m^[22m
[39m[31m[1m^[22m[
39m[31m[1m^[22m[3
9m[31m[1m^[22m[39
m[31m[1m^[22m[39m
 [90m 167 |[39m
 [90m 168 |[39m } 
[36mcatch[39m 
(error[33m:[39m 
any) {
 [90m 169 |[39m    
 console[33m.[39mer
ror([32m"Monnify 
Webhook Error:"[39m
[33m,[39m error)[0m

Return statement is 
not allowed here


./Music/rssa1/src/app
/api/webhooks/monnify
/route.ts:170:5
Parsing ecmascript 
source code failed
[0m [90m 168 
|[39m } 
[36mcatch[39m 
(error[33m:[39m 
any) {
 [90m 169 |[39m    
 console[33m.[39mer
ror([32m"Monnify 
Webhook Error:"[39m
[33m,[39m error)
[31m[1m>[22m[39m
[90m 170 |[39m     
[36mreturn[39m [33
mNextResponse[39m[3
3m.[39mjson({ 
error[33m:[39m erro
r[33m.[39mmessage 
}[33m,[39m { 
status[33m:[39m 
[35m500[39m })
 [90m     |[39m    
 [31m[1m^[22m[39m
[31m[1m^[22m[39m
[31m[1m^[22m[39m[
31m[1m^[22m[39m[3
1m[1m^[22m[39m[31
m[1m^[22m[39m[31m
[1m^[22m[39m[31m
[1m^[22m[39m[31m[
1m^[22m[39m[31m[1
m^[22m[39m[31m[1m
^[22m[39m[31m[1m^
[22m[39m[31m[1m^
[22m[39m[31m[1m^[
22m[39m[31m[1m^[2
2m[39m[31m[1m^[22
m[39m[31m[1m^[22m
[39m[31m[1m^[22m
[39m[31m[1m^[22m[
39m[31m[1m^[22m[3
9m[31m[1m^[22m[39
m[31m[1m^[22m[39m
[31m[1m^[22m[39m
[31m[1m^[22m[39m[
31m[1m^[22m[39m[3
1m[1m^[22m[39m[31
m[1m^[22m[39m[31m
[1m^[22m[39m[31m
[1m^[22m[39m[31m[
1m^[22m[39m[31m[1
m^[22m[39m[31m[1m
^[22m[39m[31m[1m^
[22m[39m[31m[1m^
[22m[39m[31m[1m^[
22m[39m[31m[1m^[2
2m[39m[31m[1m^[22
m[39m[31m[1m^[22m
[39m[31m[1m^[22m
[39m[31m[1m^[22m[
39m[31m[1m^[22m[3
9m[31m[1m^[22m[39
m[31m[1m^[22m[39m
[31m[1m^[22m[39m
[31m[1m^[22m[39m[
31m[1m^[22m[39m[3
1m[1m^[22m[39m[31
m[1m^[22m[39m[31m
[1m^[22m[39m[31m
[1m^[22m[39m[31m[
1m^[22m[39m[31m[1
m^[22m[39m[31m[1m
^[22m[39m[31m[1m^
[22m[39m[31m[1m^
[22m[39m[31m[1m^[
22m[39m[31m[1m^[2
2m[39m[31m[1m^[22
m[39m[31m[1m^[22m
[39m[31m[1m^[22m
[39m[31m[1m^[22m[
39m[31m[1m^[22m[3
9m[31m[1m^[22m[39
m[31m[1m^[22m[39m
[31m[1m^[22m[39m
[31m[1m^[22m[39m[
31m[1m^[22m[39m
 [90m 171 |[39m }
 [90m 172 |[39m }
 [90m 173 |[39m[0m

Return statement is 
not allowed here


./Music/rssa1/src/com
ponents/merchant/prod
ucts/AddProductModal.
tsx:34:1
Module not found: 
Can't resolve 
'sonner'
[0m [90m 32 |[39m 
[36mimport[39m { 
uploadImage } 
[36mfrom[39m [32m"
@/app/actions/cloudin
aryActions"[39m
 [90m 33 |[39m 
[36mimport[39m { 
createProduct } 
[36mfrom[39m [32m"
@/app/actions/product
Actions"[39m
[31m[1m>[22m[39m
[90m 34 |[39m 
[36mimport[39m { 
toast } 
[36mfrom[39m 
[32m"sonner"[39m
 [90m    |[39m [31
m[1m^[22m[39m[31m
[1m^[22m[39m[31m
[1m^[22m[39m[31m[
1m^[22m[39m[31m[1
m^[22m[39m[31m[1m
^[22m[39m[31m[1m^
[22m[39m[31m[1m^
[22m[39m[31m[1m^[
22m[39m[31m[1m^[2
2m[39m[31m[1m^[22
m[39m[31m[1m^[22m
[39m[31m[1m^[22m
[39m[31m[1m^[22m[
39m[31m[1m^[22m[3
9m[31m[1m^[22m[39
m[31m[1m^[22m[39m
[31m[1m^[22m[39m
[31m[1m^[22m[39m[
31m[1m^[22m[39m[3
1m[1m^[22m[39m[31
m[1m^[22m[39m[31m
[1m^[22m[39m[31m
[1m^[22m[39m[31m[
1m^[22m[39m[31m[1
m^[22m[39m[31m[1m
^[22m[39m[31m[1m^
[22m[39m[31m[1m^
[22m[39m[31m[1m^[
22m[39m
 [90m 35 |[39m
 [90m 36 |[39m 
[36mconst[39m 
productSchema 
[33m=[39m 
z[33m.[39mobject({
 [90m 37 |[39m     
name[33m:[39m z[33
m.[39mstring()[33m.
[39mmin([35m2[39m
[33m,[39m 
[32m"Name must be 
at least 2 characters
"[39m)[33m,[39m[0
m



Import traces:
  Client Component 
Browser:
    ./Music/rssa1/src
/components/merchant/
products/AddProductMo
dal.tsx [Client 
Component Browser]
    ./Music/rssa1/src
/app/merchant/product
s/page.tsx [Client 
Component Browser]
    ./Music/rssa1/src
/app/merchant/product
s/page.tsx [Server 
Component]

  Client Component 
SSR:
    ./Music/rssa1/src
/components/merchant/
products/AddProductMo
dal.tsx [Client 
Component SSR]
    ./Music/rssa1/src
/app/merchant/product
s/page.tsx [Client 
Component SSR]
    ./Music/rssa1/src
/app/merchant/product
s/page.tsx [Server 
Component]

https://nextjs.org/do
cs/messages/module-no
t-found


./Music/rssa1/src/com
ponents/merchant/prod
ucts/ProductTable.tsx
:7:1
Module not found: 
Can't resolve 
'sonner'
[0m [90m  5 |[39m 
[36mimport[39m { 
[33mButton[39m } 
[36mfrom[39m [32m"
@/components/ui/butto
n"[39m
 [90m  6 |[39m 
[36mimport[39m { 
deleteProduct } 
[36mfrom[39m [32m"
@/app/actions/product
Actions"[39m
[31m[1m>[22m[39m
[90m  7 |[39m 
[36mimport[39m { 
toast } 
[36mfrom[39m 
[32m"sonner"[39m
 [90m    |[39m [31
m[1m^[22m[39m[31m
[1m^[22m[39m[31m
[1m^[22m[39m[31m[
1m^[22m[39m[31m[1
m^[22m[39m[31m[1m
^[22m[39m[31m[1m^
[22m[39m[31m[1m^
[22m[39m[31m[1m^[
22m[39m[31m[1m^[2
2m[39m[31m[1m^[22
m[39m[31m[1m^[22m
[39m[31m[1m^[22m
[39m[31m[1m^[22m[
39m[31m[1m^[22m[3
9m[31m[1m^[22m[39
m[31m[1m^[22m[39m
[31m[1m^[22m[39m
[31m[1m^[22m[39m[
31m[1m^[22m[39m[3
1m[1m^[22m[39m[31
m[1m^[22m[39m[31m
[1m^[22m[39m[31m
[1m^[22m[39m[31m[
1m^[22m[39m[31m[1
m^[22m[39m[31m[1m
^[22m[39m[31m[1m^
[22m[39m[31m[1m^
[22m[39m[31m[1m^[
22m[39m
 [90m  8 |[39m
 [90m  9 |[39m 
[36minterface[39m 
[33mProduct[39m {
 [90m 10 |[39m     
id[33m:[39m 
string[0m



Import traces:
  Client Component 
Browser:
    ./Music/rssa1/src
/components/merchant/
products/ProductTable
.tsx [Client 
Component Browser]
    ./Music/rssa1/src
/app/merchant/product
s/page.tsx [Client 
Component Browser]
    ./Music/rssa1/src
/app/merchant/product
s/page.tsx [Server 
Component]

  Client Component 
SSR:
    ./Music/rssa1/src
/components/merchant/
products/ProductTable
.tsx [Client 
Component SSR]
    ./Music/rssa1/src
/app/merchant/product
s/page.tsx [Client 
Component SSR]
    ./Music/rssa1/src
/app/merchant/product
s/page.tsx [Server 
Component]

https://nextjs.org/do
cs/messages/module-no
t-found


    at <unknown> (./M
usic/rssa1/src/app/ap
i/webhooks/monnify/ro
ute.ts:134:17)
    at <unknown> (./M
usic/rssa1/src/app/ap
i/webhooks/monnify/ro
ute.ts:138:17)
    at <unknown> (./M
usic/rssa1/src/app/ap
i/webhooks/monnify/ro
ute.ts:166:5)
    at <unknown> (./M
usic/rssa1/src/app/ap
i/webhooks/monnify/ro
ute.ts:170:5)
    at <unknown> (./M
usic/rssa1/src/compon
ents/merchant/product
s/AddProductModal.tsx
:34:1)
    at <unknown> (htt
ps://nextjs.org/docs/
messages/module-not-f
ound)
    at <unknown> (./M
usic/rssa1/src/compon
ents/merchant/product
s/ProductTable.tsx:7:
1)
    at <unknown> (htt
ps://nextjs.org/docs/
messages/module-not-f
ound)
